// Jest Snapshot v1, https://goo.gl/fbAQLP

exports[`renders correctly 1`] = `
<div>
  <div
    className="bg-teal-500"
  >
    <div
      className="container mx-auto"
    >
      <nav
        className="flex items-center justify-between flex-wrap bg-teal-500 p-6"
      >
        <div
          className="flex items-center flex-shrink-0 text-white mr-6"
        >
          <a
            aria-current="page"
            className="font-semibold text-xl tracking-tight active"
            href="/"
            onClick={[Function]}
            style={Object {}}
          >
             CSV File Uploader / Previewer
          </a>
        </div>
        <div
          className="block lg:hidden"
        >
          <button
            className="flex items-center px-3 py-2 border rounded text-teal-200 border-teal-400 hover:text-white hover:border-white"
          >
            <svg
              className="fill-current h-3 w-3"
              viewBox="0 0 20 20"
              xmlns="http://www.w3.org/2000/svg"
            >
              <title>
                Menu
              </title>
              <path
                d="M0 3h20v2H0V3zm0 6h20v2H0V9zm0 6h20v2H0v-2z"
              />
            </svg>
          </button>
        </div>
        <div
          className="w-full block flex-grow lg:flex lg:items-center lg:w-auto"
        >
          <div
            className="text-sm lg:flex-grow"
          >
            <a
              aria-current={null}
              className="block mt-4 lg:inline-block lg:mt-0 text-teal-200 hover:text-white mr-4"
              href="/list-csv-files"
              onClick={[Function]}
            >
               List of Uploaded CSV 
            </a>
          </div>
          <div>
            <a
              aria-current={null}
              className="inline-block text-sm px-4 py-2 leading-none border rounded text-white border-white hover:border-transparent hover:text-teal-500 hover:bg-white mt-4 lg:mt-0"
              href="/upload"
              onClick={[Function]}
            >
               Upload New
            </a>
          </div>
        </div>
      </nav>
    </div>
  </div>
  <div
    className="container mx-auto"
  >
    <div
      className="text-center mt-5"
    >
      <h2
        className="text-5xl mb-5 font-bold text-gray-300"
      >
        CSV Upload / Preview Application
      </h2>
      <a
        className="inline-block text-sm px-4 py-2 leading-none border rounded text-teal-800 border-teal hover:border-transparent hover:text-teal-500 hover:bg-white mt-4 lg:mt-0"
        href="/list-csv-files"
        onClick={[Function]}
      >
         List of Uploaded CSV 
      </a>
    </div>
  </div>
</div>
`;
